<net>
:root -<>-!value-(sole₁)
(sole₁
 :value! -<>-)
</net>

