(iadd₁)-result-<>-
start
opposite_wire: (iadd₁)-result-<>-
opposite_wire: (iadd₁)-result-<>-
